// Jest Snapshot v1, https://goo.gl/fbAQLP

exports[`Header renders correctly 1`] = `
<header
  className="header"
>
  <h1
    className="header_title"
  >
    eyrie
  </h1>
</header>
`;
